// Jest Snapshot v1, https://goo.gl/fbAQLP

exports[`Component: DataChangeOptions DataChangeOptions renders correctly 1`] = `
<div
  className="uk-margin-auto-left uk-flex uk-flex-middle uk-flex-wrap uk-width-1-1 uk-width-auto@s mt-15 top-m1"
>
  <div
    className="uk-flex uk-flex-middle uk-width-1-1 uk-width-auto@s"
  >
    <button
      className="uk-button-outline"
    >
      <i
        className="jera-arrow-left-2 color-white"
      />
    </button>
    <div
      className="uk-field-with-icon ml-10 m-w-200 uk-width-1-1 uk-width-auto@s mt-m14"
    >
      <div
        className="form-control"
      >
        <label
          className="uk-custom-label"
        >
          <span>
            Year
          </span>
        </label>
      </div>
      <div
        className="cal-inline"
      >
        <p
          className="m-0 pr-4"
        >
          2021
        </p>
      </div>
      <label
        className="mb-0"
      >
        <div
          className="react-datepicker-wrapper"
        >
          <div
            className="react-datepicker__input-container"
          >
            <input
              className=""
              disabled={false}
              onBlur={[Function]}
              onChange={[Function]}
              onClick={[Function]}
              onFocus={[Function]}
              onKeyDown={[Function]}
              readOnly={false}
              type="text"
              value="03/21/2022"
            />
          </div>
        </div>
        <i
          className="jera-calendar-1 icn top-26"
          onClick={[Function]}
        />
      </label>
    </div>
    <button
      className="uk-button-outline ml-10"
      disabled={false}
    >
      <i
        className="jera-arrow-right-3 color-white"
      />
    </button>
  </div>
  <button
    className="uk-button-outline filled uk-width-1-1 uk-width-auto@s uk-margin-small-left@s uk-margin-small-top uk-margin-remove-top@s"
    onClick={[Function]}
  >
    <i
      className="mr-5 font-20 jera-undo color-white"
    />
    LABELS.RETURN
  </button>
</div>
`;
