// Jest Snapshot v1, https://goo.gl/fbAQLP

exports[`Component: NegativeGrossMarginTable NegativeGrossMarginTable renders correctly 1`] = `
<div
  className="mt-24"
>
  <div
    className="uk-overflow-auto"
  >
    <table
      className="uk-table uk-table-divider uk-text-left"
    >
      <thead>
        <tr>
          <th
            className="uk-text-center"
            colSpan={2}
          />
          <th
            className="uk-text-center w-220"
          >
            LABELS.ANNUAL
          </th>
          <th
            className="uk-text-center w-220"
          >
            LABELS.YEAR_START_TO_PRESENT
          </th>
          <th
            className="uk-text-center w-220"
          >
            LABELS.PRESENT_TO_YEAR_END
          </th>
        </tr>
      </thead>
      <tbody>
        <tr>
          <th
            className="bg-grey-blue-40-a10"
            colSpan={2}
          >
            UNIT_OPERATION.IMPACT_SPREAD_EBITDA
          </th>
          <td
            className="  uk-text-middle"
          >
            <span
              className="color-grey-blue-60 font-12"
            >
              (
               - 
              )
            </span>
            <span
              className="  font-14 uk-display-block"
            >
               
            </span>
          </td>
          <td
            className="  uk-text-middle"
          >
            <span
              className="color-grey-blue-60 font-12"
            >
              (
               - 
              )
            </span>
            <span
              className="  font-14 uk-display-block"
            >
               
            </span>
          </td>
          <td
            className="  uk-text-middle"
          >
            <span
              className="color-grey-blue-60 font-12"
            >
              (
               - 
              )
            </span>
            <span
              className="  font-14 uk-display-block"
            >
               
            </span>
          </td>
        </tr>
        <tr>
          <th
            className="bg-grey-blue-40-a10 w-220"
            rowSpan={2}
          >
            UNIT_OPERATION.GROSSMARGIN_SPREAD
          </th>
          <th
            className="bg-grey-blue-40-a10 w-220"
          >
            LABELS.PLAN
          </th>
          <td
            className=" uk-text-middle"
          >
            <span
              className=" uk-display-block"
            >
               
            </span>
          </td>
          <td
            className=" uk-text-middle"
          >
            <span
              className=" uk-display-block"
            >
               
            </span>
          </td>
          <td
            className=" uk-text-middle"
          >
            <span
              className=" uk-display-block"
            >
               
            </span>
          </td>
        </tr>
        <tr>
          <th
            className="bg-grey-blue-40-a10"
          >
            LABELS.ACTUAL_FORECAST
          </th>
          <td
            className=" uk-text-middle"
          >
            <span
              className=" uk-display-block"
            >
               
            </span>
          </td>
          <td
            className=" uk-text-middle"
          >
            <span
              className=" uk-display-block"
            >
               
            </span>
          </td>
          <td
            className=" uk-text-middle"
          >
            <span
              className=" uk-display-block"
            >
               
            </span>
          </td>
        </tr>
      </tbody>
    </table>
  </div>
</div>
`;
