// Jest Snapshot v1, https://goo.gl/fbAQLP

exports[`Component: EstimationLayout EstimationLayout renders correctly 1`] = `
<div
  className="uk-child-width-1-2@s uk-child-width-1-3@m uk-child-width-1-3@l uk-grid"
>
  <div
    className="mb-20"
  >
    <div
      className="uk-flex uk-flex-middle pl-20"
    >
      <span
        className="indicate indicate-circle indicate-bordered  bg-orange-80"
      />
      <div
        className="ml-10"
      >
        <p
          className="uk-margin-remove font-12"
        >
          ANNUAL_TARGET.PLANNED
        </p>
        <strong
          className="uk-margin-remove font-16"
        >
           undefined undefined 
        </strong>
        <p
          className="uk-margin-remove font-12"
        >
           undefined
        </p>
      </div>
    </div>
  </div>
  <div
    className="mb-20"
  >
    <div
      className="uk-flex uk-flex-middle pl-20"
    >
      <span
        className="indicate indicate-circle indicate-bordered bg-red-80"
      />
      <div
        className="ml-10"
      >
        <p
          className="uk-margin-remove font-12"
        >
          ANNUAL_TARGET.ACTUAL_CURRENT
        </p>
        <strong
          className="uk-margin-remove font-16"
        >
           undefined undefined 
        </strong>
        <p
          className="uk-margin-remove font-12"
        >
          ANNUAL_TARGET.TO_DATE
        </p>
      </div>
    </div>
  </div>
  <div
    className="mb-20"
  >
    <div
      className="uk-flex uk-flex-middle pl-20"
    >
      <span
        className="indicate indicate-circle indicate-bordered bg-blue-80"
      />
      <div
        className="ml-10"
      >
        <p
          className="uk-margin-remove font-12"
        >
          LABELS.FORECAST
        </p>
        <strong
          className="uk-margin-remove font-16"
        >
           undefined undefined
        </strong>
        <p
          className="uk-margin-remove font-12"
        >
          
        </p>
      </div>
    </div>
  </div>
</div>
`;
